Training on mps...
Loaded 9500 images for multi-task training.
Loaded 476 validation images for Early Stopping tracking.
Epoch 1/15 - Combined Train Loss: 24.0367 (Class: 1.4437, Yield(MSE): 225.9300)
   --> Validation Loss: 17.9200
   --> Model improved! Weights safely registered.
Epoch 2/15 - Combined Train Loss: 17.9640 (Class: 0.9998, Yield(MSE): 169.6419)
   --> Validation Loss: 15.1978
   --> Model improved! Weights safely registered.
Epoch 3/15 - Combined Train Loss: 12.9961 (Class: 0.8107, Yield(MSE): 121.8544)
   --> Validation Loss: 13.9138
   --> Model improved! Weights safely registered.
Epoch 4/15 - Combined Train Loss: 8.9498 (Class: 0.6739, Yield(MSE): 82.7588)
   --> Validation Loss: 12.6600
   --> Model improved! Weights safely registered.
Epoch 5/15 - Combined Train Loss: 6.2920 (Class: 0.5410, Yield(MSE): 57.5105)
   --> Validation Loss: 14.0264
   --> No improvement. Patience tracking: 1/3
Epoch 6/15 - Combined Train Loss: 4.4763 (Class: 0.4136, Yield(MSE): 40.6269)
   --> Validation Loss: 12.7447
   --> No improvement. Patience tracking: 2/3
Epoch 7/15 - Combined Train Loss: 3.3852 (Class: 0.3279, Yield(MSE): 30.5732)
   --> Validation Loss: 12.2614
   --> Model improved! Weights safely registered.
Epoch 8/15 - Combined Train Loss: 2.8448 (Class: 0.2513, Yield(MSE): 25.9352)
   --> Validation Loss: 12.5730
   --> No improvement. Patience tracking: 1/3
Epoch 9/15 - Combined Train Loss: 2.5356 (Class: 0.1989, Yield(MSE): 23.3678)
   --> Validation Loss: 12.7565
   --> No improvement. Patience tracking: 2/3
Epoch 10/15 - Combined Train Loss: 2.4674 (Class: 0.1717, Yield(MSE): 22.9574)
   --> Validation Loss: 12.5729
   --> No improvement. Patience tracking: 3/3

--- Early Stopping Triggered at Epoch 10 to avoid overfitting! ---
Training sequence entirely finalized. Best stable model remains at cow_model.pth
